[portotheme.com/html/wolmart/demo3.html]
[backblue.gif]
[fade.gif]
[index.html]
[portotheme.com/html/wolmart/assets/images/icons/favicon.png]
[portotheme.com/html/wolmart/assets/js/webfont.js]
[portotheme.com/html/wolmart/assets/vendor/fontawesome-free/webfonts/fa-regular-400.woff2]
[portotheme.com/html/wolmart/assets/vendor/fontawesome-free/webfonts/fa-solid-900.woff2]
[portotheme.com/html/wolmart/assets/vendor/fontawesome-free/webfonts/fa-brands-400.woff2]
[portotheme.com/html/wolmart/assets/fonts/wolmart87d5.woff]
[portotheme.com/html/wolmart/assets/vendor/fontawesome-free/css/all.min.css]
[portotheme.com/html/wolmart/assets/vendor/swiper/swiper-bundle.min.css]
[portotheme.com/html/wolmart/assets/vendor/animate/animate.min.css]
[portotheme.com/html/wolmart/assets/vendor/magnific-popup/magnific-popup.min.css]
[portotheme.com/html/wolmart/assets/css/demo3.min.css]
[portotheme.com/html/wolmart/assets/images/flags/eng.png]
[portotheme.com/html/wolmart/assets/images/flags/fra.png]
[portotheme.com/html/wolmart/blog.html]
[portotheme.com/html/wolmart/contact-us.html]
[portotheme.com/html/wolmart/my-account.html]
[portotheme.com/html/wolmart/assets/ajax/login.html]
[portotheme.com/html/wolmart/assets/images/demos/demo3/header-logo.png]
[portotheme.com/html/wolmart/wishlist.html]
[portotheme.com/html/wolmart/compare.html]
[portotheme.com/html/wolmart/product-default.html]
[portotheme.com/html/wolmart/assets/images/cart/product-1.jpg]
[portotheme.com/html/wolmart/assets/images/cart/product-2.jpg]
[portotheme.com/html/wolmart/cart.html]
[portotheme.com/html/wolmart/checkout.html]
[portotheme.com/html/wolmart/shop-fullwidth-banner.html]
[portotheme.com/html/wolmart/assets/images/menu/banner-2.jpg]
[portotheme.com/html/wolmart/shop-banner-sidebar.html]
[portotheme.com/html/wolmart/assets/images/menu/banner-3.jpg]
[portotheme.com/html/wolmart/assets/images/menu/banner-4.jpg]
[portotheme.com/html/wolmart/assets/images/menu/banner-5.jpg]
[portotheme.com/html/wolmart/assets/images/menu/banner-6.jpg]
[portotheme.com/html/wolmart/shop-boxed-banner.html]
[portotheme.com/html/wolmart/shop-horizontal-filter.html]
[portotheme.com/html/wolmart/shop-off-canvas.html]
[portotheme.com/html/wolmart/shop-infinite-scroll.html]
[portotheme.com/html/wolmart/shop-right-sidebar.html]
[portotheme.com/html/wolmart/shop-both-sidebar.html]
[portotheme.com/html/wolmart/shop-grid-3cols.html]
[portotheme.com/html/wolmart/shop-grid-4cols.html]
[portotheme.com/html/wolmart/shop-grid-5cols.html]
[portotheme.com/html/wolmart/shop-grid-6cols.html]
[portotheme.com/html/wolmart/shop-grid-7cols.html]
[portotheme.com/html/wolmart/shop-grid-8cols.html]
[portotheme.com/html/wolmart/shop-list.html]
[portotheme.com/html/wolmart/shop-list-sidebar.html]
[portotheme.com/html/wolmart/product-variable.html]
[portotheme.com/html/wolmart/product-featured.html]
[portotheme.com/html/wolmart/product-accordion.html]
[portotheme.com/html/wolmart/product-section.html]
[portotheme.com/html/wolmart/product-swatch.html]
[portotheme.com/html/wolmart/product-extended.html]
[portotheme.com/html/wolmart/product-without-sidebar.html]
[portotheme.com/html/wolmart/product-video.html]
[portotheme.com/html/wolmart/product-vertical.html]
[portotheme.com/html/wolmart/product-grid.html]
[portotheme.com/html/wolmart/product-masonry.html]
[portotheme.com/html/wolmart/product-gallery.html]
[portotheme.com/html/wolmart/product-sticky-info.html]
[portotheme.com/html/wolmart/product-sticky-thumb.html]
[portotheme.com/html/wolmart/product-sticky-both.html]
[portotheme.com/html/wolmart/vendor-dokan-store.html]
[portotheme.com/html/wolmart/vendor-dokan-store-list.html]
[portotheme.com/html/wolmart/vendor-wcfm-store-list.html]
[portotheme.com/html/wolmart/vendor-wcmp-store-list.html]
[portotheme.com/html/wolmart/vendor-wc-store-list.html]
[portotheme.com/html/wolmart/vendor-wcfm-store-product-grid.html]
[portotheme.com/html/wolmart/vendor-wcmp-store-product-grid.html]
[portotheme.com/html/wolmart/vendor-wc-store-product-grid.html]
[portotheme.com/html/wolmart/blog-listing.html]
[portotheme.com/html/wolmart/blog-grid-3cols.html]
[portotheme.com/html/wolmart/blog-grid-2cols.html]
[portotheme.com/html/wolmart/blog-grid-4cols.html]
[portotheme.com/html/wolmart/blog-grid-sidebar.html]
[portotheme.com/html/wolmart/blog-masonry-3cols.html]
[portotheme.com/html/wolmart/blog-masonry-2cols.html]
[portotheme.com/html/wolmart/blog-masonry-4cols.html]
[portotheme.com/html/wolmart/blog-masonry-sidebar.html]
[portotheme.com/html/wolmart/blog-mask-grid.html]
[portotheme.com/html/wolmart/blog-mask-masonry.html]
[portotheme.com/html/wolmart/post-single.html]
[portotheme.com/html/wolmart/about-us.html]
[portotheme.com/html/wolmart/become-a-vendor.html]
[portotheme.com/html/wolmart/faq.html]
[portotheme.com/html/wolmart/error-404.html]
[portotheme.com/html/wolmart/coming-soon.html]
[portotheme.com/html/wolmart/elements.html]
[portotheme.com/html/wolmart/element-accordions.html]
[portotheme.com/html/wolmart/element-alerts.html]
[portotheme.com/html/wolmart/element-blog-posts.html]
[portotheme.com/html/wolmart/element-buttons.html]
[portotheme.com/html/wolmart/element-cta.html]
[portotheme.com/html/wolmart/element-icons.html]
[portotheme.com/html/wolmart/element-icon-boxes.html]
[portotheme.com/html/wolmart/element-instagrams.html]
[portotheme.com/html/wolmart/element-categories.html]
[portotheme.com/html/wolmart/element-products.html]
[portotheme.com/html/wolmart/element-tabs.html]
[portotheme.com/html/wolmart/element-testimonials.html]
[portotheme.com/html/wolmart/element-titles.html]
[portotheme.com/html/wolmart/element-typography.html]
[portotheme.com/html/wolmart/element-vendors.html]
[portotheme.com/html/wolmart/assets/images/demos/demo3/slides/slide-1.jpg]
[portotheme.com/html/wolmart/assets/images/demos/demo3/slides/slide-2.jpg]
[portotheme.com/html/wolmart/assets/images/demos/demo3/slides/slide-3.jpg]
[portotheme.com/html/wolmart/assets/images/demos/demo3/categories/1.jpg]
[portotheme.com/html/wolmart/assets/images/demos/demo3/categories/2.jpg]
[portotheme.com/html/wolmart/assets/images/demos/demo3/categories/3.jpg]
[portotheme.com/html/wolmart/assets/images/demos/demo3/categories/4.jpg]
[portotheme.com/html/wolmart/assets/images/demos/demo3/categories/5.jpg]
[portotheme.com/html/wolmart/assets/images/demos/demo3/categories/6.jpg]
[portotheme.com/html/wolmart/assets/images/demos/demo3/categories/7.jpg]
[portotheme.com/html/wolmart/assets/images/demos/demo3/categories/8.jpg]
[portotheme.com/html/wolmart/assets/images/demos/demo3/categories/9.jpg]
[portotheme.com/html/wolmart/assets/images/demos/demo3/products/1-1-600x675.jpg]
[portotheme.com/html/wolmart/assets/images/demos/demo3/products/1-1-800x900.jpg]
[portotheme.com/html/wolmart/assets/images/demos/demo3/products/1-2-600x675.jpg]
[portotheme.com/html/wolmart/assets/images/demos/demo3/products/1-2-800x900.jpg]
[portotheme.com/html/wolmart/assets/images/demos/demo3/products/1-3-600x675.jpg]
[portotheme.com/html/wolmart/assets/images/demos/demo3/products/1-3-800x900.jpg]
[portotheme.com/html/wolmart/assets/images/demos/demo3/products/1-4-600x675.jpg]
[portotheme.com/html/wolmart/assets/images/demos/demo3/products/1-4-800x900.jpg]
[portotheme.com/html/wolmart/assets/images/demos/demo3/products/2-1-600x675.jpg]
[portotheme.com/html/wolmart/assets/images/demos/demo3/products/2-1-800x900.jpg]
[portotheme.com/html/wolmart/assets/images/demos/demo3/products/2-2-600x675.jpg]
[portotheme.com/html/wolmart/assets/images/demos/demo3/products/2-2-800x900.jpg]
[portotheme.com/html/wolmart/assets/images/demos/demo3/products/2-3-600x675.jpg]
[portotheme.com/html/wolmart/assets/images/demos/demo3/products/2-3-800x900.jpg]
[portotheme.com/html/wolmart/assets/images/demos/demo3/products/2-4-600x675.jpg]
[portotheme.com/html/wolmart/assets/images/demos/demo3/products/2-4-800x900.jpg]
[portotheme.com/html/wolmart/assets/images/demos/demo3/products/1-1.jpg]
[portotheme.com/html/wolmart/assets/images/demos/demo3/products/1-2.jpg]
[portotheme.com/html/wolmart/assets/images/demos/demo3/products/1-3.jpg]
[portotheme.com/html/wolmart/assets/images/demos/demo3/products/1-4.jpg]
[portotheme.com/html/wolmart/assets/images/demos/demo3/products/1-5.jpg]
[portotheme.com/html/wolmart/assets/images/demos/demo3/products/1-6.jpg]
[portotheme.com/html/wolmart/assets/images/demos/demo3/products/1-7.jpg]
[portotheme.com/html/wolmart/assets/images/demos/demo3/products/1-8.jpg]
[portotheme.com/html/wolmart/assets/images/demos/demo3/products/1-9.jpg]
[portotheme.com/html/wolmart/assets/images/demos/demo3/vendors/1.jpg]
[portotheme.com/html/wolmart/assets/images/demos/demo3/vendors/brand-1.jpg]
[portotheme.com/html/wolmart/assets/images/demos/demo3/vendors/2.jpg]
[portotheme.com/html/wolmart/assets/images/demos/demo3/vendors/brand-2.jpg]
[portotheme.com/html/wolmart/assets/images/demos/demo3/vendors/3.jpg]
[portotheme.com/html/wolmart/assets/images/demos/demo3/vendors/brand-3.jpg]
[portotheme.com/html/wolmart/assets/images/demos/demo3/vendors/4.jpg]
[portotheme.com/html/wolmart/assets/images/demos/demo3/vendors/brand-4.jpg]
[portotheme.com/html/wolmart/assets/images/demos/demo3/banners/2.jpg]
[portotheme.com/html/wolmart/assets/images/demos/demo3/products/2-1-1.jpg]
[portotheme.com/html/wolmart/assets/images/demos/demo3/products/2-1-2.jpg]
[portotheme.com/html/wolmart/assets/images/demos/demo3/products/2-2.jpg]
[portotheme.com/html/wolmart/assets/images/demos/demo3/products/2-3-1.jpg]
[portotheme.com/html/wolmart/assets/images/demos/demo3/products/2-3-2.jpg]
[portotheme.com/html/wolmart/assets/images/demos/demo3/products/2-4.jpg]
[portotheme.com/html/wolmart/assets/images/demos/demo3/products/3-1.jpg]
[portotheme.com/html/wolmart/assets/images/demos/demo3/products/3-2.jpg]
[portotheme.com/html/wolmart/assets/images/demos/demo3/products/3-3.jpg]
[portotheme.com/html/wolmart/assets/images/demos/demo3/products/3-4.jpg]
[portotheme.com/html/wolmart/assets/images/demos/demo3/products/3-5.jpg]
[portotheme.com/html/wolmart/assets/images/demos/demo3/products/3-6.jpg]
[portotheme.com/html/wolmart/assets/images/demos/demo3/products/3-7.jpg]
[portotheme.com/html/wolmart/assets/images/demos/demo3/products/3-8.jpg]
[portotheme.com/html/wolmart/assets/images/demos/demo3/categories/10.jpg]
[portotheme.com/html/wolmart/assets/images/demos/demo3/categories/11.jpg]
[portotheme.com/html/wolmart/assets/images/demos/demo3/banners/3.jpg]
[portotheme.com/html/wolmart/assets/images/demos/demo3/products/4-1.jpg]
[portotheme.com/html/wolmart/assets/images/demos/demo3/products/4-2.jpg]
[portotheme.com/html/wolmart/assets/images/demos/demo3/products/4-3.jpg]
[portotheme.com/html/wolmart/assets/images/demos/demo3/products/4-4.jpg]
[portotheme.com/html/wolmart/assets/images/demos/demo3/products/5-1.jpg]
[portotheme.com/html/wolmart/assets/images/demos/demo3/products/5-2.jpg]
[portotheme.com/html/wolmart/assets/images/demos/demo3/products/5-3.jpg]
[portotheme.com/html/wolmart/assets/images/demos/demo3/products/5-4.jpg]
[portotheme.com/html/wolmart/assets/images/demos/demo3/banners/4.jpg]
[portotheme.com/html/wolmart/assets/images/demos/demo3/products/6-1.jpg]
[portotheme.com/html/wolmart/assets/images/demos/demo3/products/6-2.jpg]
[portotheme.com/html/wolmart/assets/images/demos/demo3/products/6-3.jpg]
[portotheme.com/html/wolmart/assets/images/demos/demo3/products/7-1.jpg]
[portotheme.com/html/wolmart/assets/images/demos/demo3/products/7-2.jpg]
[portotheme.com/html/wolmart/assets/images/demos/demo3/products/7-3.jpg]
[portotheme.com/html/wolmart/assets/images/demos/demo3/blog/1.jpg]
[portotheme.com/html/wolmart/assets/images/demos/demo3/blog/2.jpg]
[portotheme.com/html/wolmart/assets/images/demos/demo3/blog/3.jpg]
[portotheme.com/html/wolmart/assets/images/demos/demo3/blog/4.jpg]
[portotheme.com/html/wolmart/assets/images/demos/demo3/brand/1.png]
[portotheme.com/html/wolmart/assets/images/demos/demo3/brand/2.png]
[portotheme.com/html/wolmart/assets/images/demos/demo3/brand/3.png]
[portotheme.com/html/wolmart/assets/images/demos/demo3/brand/4.png]
[portotheme.com/html/wolmart/assets/images/demos/demo3/brand/5.png]
[portotheme.com/html/wolmart/assets/images/demos/demo3/brand/6.png]
[portotheme.com/html/wolmart/assets/images/demos/demo3/brand/7.png]
[portotheme.com/html/wolmart/assets/images/demos/demo3/brand/8.png]
[portotheme.com/html/wolmart/assets/images/demos/demo3/brand/9.png]
[portotheme.com/html/wolmart/assets/images/demos/demo3/brand/10.png]
[portotheme.com/html/wolmart/assets/images/demos/demo3/newsletter-bg.jpg]
[portotheme.com/html/wolmart/assets/images/demos/demo3/instagram/1.jpg]
[portotheme.com/html/wolmart/assets/images/demos/demo3/instagram/2.jpg]
[portotheme.com/html/wolmart/assets/images/demos/demo3/instagram/3.jpg]
[portotheme.com/html/wolmart/assets/images/demos/demo3/instagram/4.jpg]
[portotheme.com/html/wolmart/assets/images/demos/demo3/instagram/5.jpg]
[portotheme.com/html/wolmart/assets/images/demos/demo3/instagram/6.jpg]
[portotheme.com/html/wolmart/assets/images/demos/demo3/footer-logo.png]
[portotheme.com/html/wolmart/login.html]
[portotheme.com/html/wolmart/assets/images/payment.png]
[portotheme.com/html/wolmart/assets/images/products/popup/1-440x494.jpg]
[portotheme.com/html/wolmart/assets/images/products/popup/1-800x900.jpg]
[portotheme.com/html/wolmart/assets/images/products/popup/2-440x494.jpg]
[portotheme.com/html/wolmart/assets/images/products/popup/2-800x900.jpg]
[portotheme.com/html/wolmart/assets/images/products/popup/3-440x494.jpg]
[portotheme.com/html/wolmart/assets/images/products/popup/3-800x900.jpg]
[portotheme.com/html/wolmart/assets/images/products/popup/4-440x494.jpg]
[portotheme.com/html/wolmart/assets/images/products/popup/4-800x900.jpg]
[portotheme.com/html/wolmart/assets/images/products/popup/1-103x116.jpg]
[portotheme.com/html/wolmart/assets/images/products/popup/2-103x116.jpg]
[portotheme.com/html/wolmart/assets/images/products/popup/3-103x116.jpg]
[portotheme.com/html/wolmart/assets/images/products/popup/4-103x116.jpg]
[portotheme.com/html/wolmart/assets/images/products/brand/brand-1.jpg]
[portotheme.com/cdn-cgi/scripts/5c5dd728/cloudflare-static/email-decode.min.js]
[portotheme.com/html/wolmart/assets/vendor/jquery/jquery.min.js]
[portotheme.com/html/wolmart/assets/vendor/parallax/parallax.min.js]
[portotheme.com/html/wolmart/assets/vendor/jquery.plugin/jquery.plugin.min.js]
[portotheme.com/html/wolmart/assets/vendor/imagesloaded/imagesloaded.pkgd.min.js]
[portotheme.com/html/wolmart/assets/vendor/zoom/jquery.zoom.js]
[portotheme.com/html/wolmart/assets/vendor/swiper/swiper-bundle.min.js]
[portotheme.com/html/wolmart/assets/vendor/jquery.countdown/jquery.countdown.min.js]
[portotheme.com/html/wolmart/assets/vendor/magnific-popup/jquery.magnific-popup.min.js]
[portotheme.com/html/wolmart/assets/js/main.min.js]
[portotheme.com/html/wolmart/demo3.html]
[portotheme.com/html/wolmart/assets/vendor/fontawesome-free/webfonts/fa-brands-400.eot]
[portotheme.com/html/wolmart/assets/vendor/fontawesome-free/webfonts/fa-brands-400d41d.eot]
[portotheme.com/html/wolmart/assets/vendor/fontawesome-free/webfonts/fa-brands-400.woff]
[portotheme.com/html/wolmart/assets/vendor/fontawesome-free/webfonts/fa-brands-400.ttf]
[portotheme.com/html/wolmart/assets/vendor/fontawesome-free/webfonts/fa-brands-400.svg]
[portotheme.com/html/wolmart/assets/vendor/fontawesome-free/webfonts/fa-regular-400.eot]
[portotheme.com/html/wolmart/assets/vendor/fontawesome-free/webfonts/fa-regular-400d41d.eot]
[portotheme.com/html/wolmart/assets/vendor/fontawesome-free/webfonts/fa-regular-400.woff]
[portotheme.com/html/wolmart/assets/vendor/fontawesome-free/webfonts/fa-regular-400.ttf]
[portotheme.com/html/wolmart/assets/vendor/fontawesome-free/webfonts/fa-regular-400.svg]
[portotheme.com/html/wolmart/assets/vendor/fontawesome-free/webfonts/fa-solid-900.eot]
[portotheme.com/html/wolmart/assets/vendor/fontawesome-free/webfonts/fa-solid-900d41d.eot]
[portotheme.com/html/wolmart/assets/vendor/fontawesome-free/webfonts/fa-solid-900.woff]
[portotheme.com/html/wolmart/assets/vendor/fontawesome-free/webfonts/fa-solid-900.ttf]
[portotheme.com/html/wolmart/assets/vendor/fontawesome-free/css/all.min.css]
[portotheme.com/html/wolmart/assets/vendor/swiper/swiper-bundle.min.css]
[portotheme.com/html/wolmart/assets/vendor/animate/animate.min.css]
[portotheme.com/html/wolmart/assets/vendor/magnific-popup/magnific-popup.min.css]
[portotheme.com/html/wolmart/assets/vendor/fontawesome-free/webfonts/fa-solid-900.svg]
[portotheme.com/html/wolmart/assets/fonts/wolmart87d5.eot]
[portotheme.com/html/wolmart/assets/fonts/wolmart87d5.ttf]
[portotheme.com/html/wolmart/assets/fonts/wolmart87d5.svg]
[portotheme.com/html/wolmart/assets/images/newsletter-1.jpg]
[portotheme.com/html/wolmart/assets/images/newsletter-2.jpg]
[portotheme.com/html/wolmart/assets/css/demo3.min.css]
[portotheme.com/html/wolmart/assets/css/style.min.css]
[portotheme.com/html/wolmart/demo1.html]
[portotheme.com/html/wolmart/assets/images/logo.png]
[portotheme.com/html/wolmart/assets/images/blog/classic/1.jpg]
[portotheme.com/html/wolmart/assets/images/blog/classic/2.jpg]
[portotheme.com/html/wolmart/assets/images/blog/classic/3.jpg]
[portotheme.com/html/wolmart/assets/images/blog/classic/4.jpg]
[portotheme.com/html/wolmart/assets/images/blog/classic/5.jpg]
[portotheme.com/html/wolmart/assets/images/blog/classic/6.jpg]
[portotheme.com/html/wolmart/assets/images/blog/sidebar/1.jpg]
[portotheme.com/html/wolmart/assets/images/blog/sidebar/2.jpg]
[portotheme.com/html/wolmart/assets/images/blog/sidebar/3.jpg]
[portotheme.com/html/wolmart/assets/images/blog/sidebar/4.jpg]
[portotheme.com/html/wolmart/assets/images/blog/sidebar/5.jpg]
[portotheme.com/html/wolmart/assets/images/blog/sidebar/6.jpg]
[portotheme.com/html/wolmart/assets/images/logo_footer.png]
[portotheme.com/html/wolmart/assets/vendor/sticky/sticky.js]
[portotheme.com/html/wolmart/blog.html]
[portotheme.com/html/wolmart/contact-us.html]
[portotheme.com/html/wolmart/my-account.html]
[portotheme.com/html/wolmart/assets/ajax/login.html]
[portotheme.com/html/wolmart/assets/images/shop/7-1.jpg]
[portotheme.com/html/wolmart/assets/images/shop/19-1.jpg]
[portotheme.com/html/wolmart/assets/images/shop/20.jpg]
[portotheme.com/html/wolmart/wishlist.html]
[portotheme.com/html/wolmart/assets/images/products/elements/1.jpg]
[portotheme.com/html/wolmart/assets/images/products/elements/2.jpg]
[portotheme.com/html/wolmart/assets/images/products/elements/3.jpg]
[portotheme.com/html/wolmart/assets/images/products/elements/4-1.jpg]
[portotheme.com/html/wolmart/assets/vendor/photoswipe/photoswipe.min.js]
[portotheme.com/html/wolmart/assets/vendor/photoswipe/photoswipe-ui-default.min.js]
[portotheme.com/html/wolmart/compare.html]
[portotheme.com/html/wolmart/assets/vendor/photoswipe/photoswipe.min.css]
[portotheme.com/html/wolmart/assets/vendor/photoswipe/default-skin/default-skin.min.css]
[portotheme.com/html/wolmart/assets/images/products/product-nav-prev.jpg]
[portotheme.com/html/wolmart/assets/images/products/product-nav-next.jpg]
[portotheme.com/html/wolmart/assets/images/products/default/1-800x900.jpg]
[portotheme.com/html/wolmart/assets/images/products/default/2-800x900.jpg]
[portotheme.com/html/wolmart/assets/images/products/default/3-800x900.jpg]
[portotheme.com/html/wolmart/assets/images/products/default/4-800x900.jpg]
[portotheme.com/html/wolmart/assets/images/products/default/5-800x900.jpg]
[portotheme.com/html/wolmart/assets/images/products/default/6-800x900.jpg]
[portotheme.com/html/wolmart/assets/images/products/default/bought-1.jpg]
[portotheme.com/html/wolmart/assets/images/products/default/bought-2.jpg]
[portotheme.com/html/wolmart/assets/images/products/default/bought-3.jpg]
[portotheme.com/html/wolmart/assets/images/products/video-banner-610x300.jpg]
[portotheme.com/html/wolmart/assets/video/memory-of-a-woman.mp4]
[portotheme.com/html/wolmart/assets/images/products/vendor-banner.jpg]
[portotheme.com/html/wolmart/assets/images/products/vendor-logo.jpg]
[portotheme.com/html/wolmart/assets/images/agents/1-100x100.png]
[portotheme.com/html/wolmart/assets/images/products/default/review-img-1.jpg]
[portotheme.com/html/wolmart/assets/images/products/default/review-img-1-800x900.jpg]
[portotheme.com/html/wolmart/assets/images/agents/2-100x100.png]
[portotheme.com/html/wolmart/assets/images/products/default/review-img-2.jpg]
[portotheme.com/html/wolmart/assets/images/products/default/review-img-3.jpg]
[portotheme.com/html/wolmart/assets/images/agents/3-100x100.png]
[portotheme.com/html/wolmart/assets/images/products/default/review-img-2-800x900.jpg]
[portotheme.com/html/wolmart/assets/images/products/default/review-img-3-800x900.jpg]
[portotheme.com/html/wolmart/assets/images/products/default/1-1.jpg]
[portotheme.com/html/wolmart/assets/images/products/default/1-2.jpg]
[portotheme.com/html/wolmart/assets/images/products/default/2.jpg]
[portotheme.com/html/wolmart/assets/images/products/default/3.jpg]
[portotheme.com/html/wolmart/assets/images/products/default/4-1.jpg]
[portotheme.com/html/wolmart/assets/images/products/default/4-2.jpg]
[portotheme.com/html/wolmart/assets/images/products/default/5.jpg]
[portotheme.com/html/wolmart/assets/images/products/default/6.jpg]
[portotheme.com/html/wolmart/assets/images/products/default/7-1.jpg]
[portotheme.com/html/wolmart/assets/images/products/default/7-2.jpg]
[portotheme.com/html/wolmart/assets/images/products/default/8.jpg]
[portotheme.com/html/wolmart/assets/images/shop/banner3.jpg]
[portotheme.com/html/wolmart/assets/images/shop/13.jpg]
[portotheme.com/html/wolmart/assets/images/shop/14.jpg]
[portotheme.com/html/wolmart/assets/images/shop/15.jpg]
[portotheme.com/html/wolmart/assets/images/shop/16.jpg]
[portotheme.com/html/wolmart/assets/images/shop/17.jpg]
[portotheme.com/html/wolmart/assets/images/shop/18.jpg]
[portotheme.com/html/wolmart/assets/vendor/photoswipe/photoswipe.js]
[portotheme.com/html/wolmart/assets/vendor/photoswipe/photoswipe-ui-default.js]
[portotheme.com/html/wolmart/product-default.html]
[portotheme.com/html/wolmart/order.html]
[portotheme.com/html/wolmart/assets/images/shop/12.jpg]
[portotheme.com/html/wolmart/cart.html]
[portotheme.com/html/wolmart/checkout.html]
[portotheme.com/html/wolmart/assets/vendor/nouislider/nouislider.min.css]
[portotheme.com/html/wolmart/assets/images/shop/banner2.jpg]
[portotheme.com/html/wolmart/assets/images/shop/1.jpg]
[portotheme.com/html/wolmart/assets/images/shop/2-1.jpg]
[portotheme.com/html/wolmart/assets/images/shop/2-2.jpg]
[portotheme.com/html/wolmart/assets/images/shop/3.jpg]
[portotheme.com/html/wolmart/assets/images/shop/4.jpg]
[portotheme.com/html/wolmart/assets/images/shop/5.jpg]
[portotheme.com/html/wolmart/assets/images/shop/6.jpg]
[portotheme.com/html/wolmart/assets/images/shop/7-2.jpg]
[portotheme.com/html/wolmart/assets/images/shop/8.jpg]
[portotheme.com/html/wolmart/assets/images/shop/9.jpg]
[portotheme.com/html/wolmart/assets/images/shop/10.jpg]
[portotheme.com/html/wolmart/assets/images/shop/11-1.jpg]
[portotheme.com/html/wolmart/assets/images/shop/11-2.jpg]
[portotheme.com/html/wolmart/assets/vendor/nouislider/nouislider.min.js]
[portotheme.com/html/wolmart/shop-fullwidth-banner.html]
[portotheme.com/html/wolmart/assets/images/shop/banner1.jpg]
[portotheme.com/html/wolmart/assets/images/brands/category/1.png]
[portotheme.com/html/wolmart/assets/images/brands/category/2.png]
[portotheme.com/html/wolmart/assets/images/brands/category/3.png]
[portotheme.com/html/wolmart/assets/images/brands/category/4.png]
[portotheme.com/html/wolmart/assets/images/brands/category/5.png]
[portotheme.com/html/wolmart/assets/images/brands/category/6.png]
[portotheme.com/html/wolmart/assets/images/brands/category/7.png]
[portotheme.com/html/wolmart/assets/images/categories/category-4.jpg]
[portotheme.com/html/wolmart/assets/images/categories/category-5.jpg]
[portotheme.com/html/wolmart/assets/images/categories/category-6.jpg]
[portotheme.com/html/wolmart/assets/images/categories/category-7.jpg]
[portotheme.com/html/wolmart/assets/images/categories/category-8.jpg]
[portotheme.com/html/wolmart/assets/images/categories/category-9.jpg]
[portotheme.com/html/wolmart/assets/images/categories/category-20.jpg]
[portotheme.com/html/wolmart/assets/images/categories/category-21.jpg]
[portotheme.com/html/wolmart/shop-banner-sidebar.html]
[portotheme.com/html/wolmart/shop-boxed-banner.html]
[portotheme.com/html/wolmart/shop-horizontal-filter.html]
[portotheme.com/html/wolmart/assets/images/shop/19-2.jpg]
[portotheme.com/html/wolmart/shop-off-canvas.html]
[portotheme.com/html/wolmart/shop-infinite-scroll.html]
[portotheme.com/html/wolmart/shop-right-sidebar.html]
[portotheme.com/html/wolmart/shop-both-sidebar.html]
[portotheme.com/html/wolmart/shop-grid-3cols.html]
[portotheme.com/html/wolmart/shop-grid-4cols.html]
[portotheme.com/html/wolmart/shop-grid-5cols.html]
[portotheme.com/html/wolmart/shop-grid-6cols.html]
[portotheme.com/html/wolmart/shop-grid-7cols.html]
[portotheme.com/html/wolmart/shop-grid-8cols.html]
[portotheme.com/html/wolmart/shop-list.html]
[portotheme.com/html/wolmart/shop-list-sidebar.html]
[portotheme.com/html/wolmart/assets/images/products/variable/1-800x900.jpg]
[portotheme.com/html/wolmart/assets/images/products/variable/2-800x900.jpg]
[portotheme.com/html/wolmart/assets/images/products/variable/3-800x900.jpg]
[portotheme.com/html/wolmart/assets/images/products/variable/4-800x900.jpg]
[portotheme.com/html/wolmart/assets/images/products/brand/brand-2.jpg]
[portotheme.com/html/wolmart/assets/vendor/sticky/sticky.min.js]
[portotheme.com/html/wolmart/product-variable.html]
[portotheme.com/html/wolmart/assets/images/products/featured/1-800x900.jpg]
[portotheme.com/html/wolmart/assets/images/products/featured/2-800x900.jpg]
[portotheme.com/html/wolmart/assets/images/products/featured/3-800x900.jpg]
[portotheme.com/html/wolmart/assets/images/products/featured/4-800x900.jpg]
[portotheme.com/html/wolmart/assets/images/products/featured/5-800x900.jpg]
[portotheme.com/html/wolmart/assets/images/products/featured/6-800x900.jpg]
[portotheme.com/html/wolmart/assets/images/products/brand/brand-4.jpg]
[portotheme.com/html/wolmart/product-featured.html]
[portotheme.com/html/wolmart/assets/images/products/accordion/1-800x900.jpg]
[portotheme.com/html/wolmart/assets/images/products/accordion/2-800x900.jpg]
[portotheme.com/html/wolmart/assets/images/products/accordion/3-800x900.jpg]
[portotheme.com/html/wolmart/assets/images/products/accordion/4-800x900.jpg]
[portotheme.com/html/wolmart/assets/images/products/brand/brand-5.jpg]
[portotheme.com/html/wolmart/product-accordion.html]
[portotheme.com/html/wolmart/assets/images/products/section/1-800x900.jpg]
[portotheme.com/html/wolmart/assets/images/products/section/2-800x900.jpg]
[portotheme.com/html/wolmart/assets/images/products/section/3-800x900.jpg]
[portotheme.com/html/wolmart/assets/images/products/section/4-800x900.jpg]
[portotheme.com/html/wolmart/product-section.html]
[portotheme.com/html/wolmart/assets/images/products/swatch/1-800x900.jpg]
[portotheme.com/html/wolmart/assets/images/products/swatch/2-800x900.jpg]
[portotheme.com/html/wolmart/assets/images/products/swatch/3-800x900.jpg]
[portotheme.com/html/wolmart/assets/images/products/swatch/4-800x900.jpg]
[portotheme.com/html/wolmart/assets/images/products/swatch/5-800x900.jpg]
[portotheme.com/html/wolmart/assets/images/products/swatch/6-800x900.jpg]
[portotheme.com/html/wolmart/assets/images/products/swatch/7-800x900.jpg]
[portotheme.com/html/wolmart/assets/images/products/swatch/8-800x900.jpg]
[portotheme.com/html/wolmart/assets/images/products/swatch/9-800x900.jpg]
[portotheme.com/html/wolmart/assets/images/products/swatch/10-800x900.jpg]
[portotheme.com/html/wolmart/assets/images/products/swatch/11-800x900.jpg]
[portotheme.com/html/wolmart/assets/images/products/swatch/12-800x900.jpg]
[portotheme.com/html/wolmart/assets/images/products/swatch/13-800x900.jpg]
[portotheme.com/html/wolmart/assets/images/products/swatch/14-800x900.jpg]
[portotheme.com/html/wolmart/assets/images/products/brand/brand-6.jpg]
[portotheme.com/html/wolmart/product-swatch.html]
[portotheme.com/html/wolmart/assets/images/products/extended/1-800x900.jpg]
[portotheme.com/html/wolmart/assets/images/products/extended/2-800x900.jpg]
[portotheme.com/html/wolmart/assets/images/products/extended/3-800x900.jpg]
[portotheme.com/html/wolmart/assets/images/products/extended/4-800x900.jpg]
[portotheme.com/html/wolmart/assets/images/products/banner-1.jpg]
[portotheme.com/html/wolmart/assets/images/products/banner-2.jpg]
[portotheme.com/html/wolmart/assets/images/products/extended/1.jpg]
[portotheme.com/html/wolmart/assets/images/products/extended/2.jpg]
[portotheme.com/html/wolmart/assets/images/products/extended/3.jpg]
[portotheme.com/html/wolmart/product-extended.html]
[portotheme.com/html/wolmart/assets/images/products/without/1-800x900.jpg]
[portotheme.com/html/wolmart/assets/images/products/without/2-800x900.jpg]
[portotheme.com/html/wolmart/assets/images/products/without/3-800x900.jpg]
[portotheme.com/html/wolmart/assets/images/products/without/4-800x900.jpg]
[portotheme.com/html/wolmart/assets/images/products/without/5-800x900.jpg]
[portotheme.com/html/wolmart/product-without-sidebar.html]
[portotheme.com/html/wolmart/assets/vendor/threesixty-degree/360-degree-riewer.min.css]
[portotheme.com/html/wolmart/assets/images/products/video/1-800x900.jpg]
[portotheme.com/html/wolmart/assets/images/products/video/2-800x900.jpg]
[portotheme.com/html/wolmart/assets/images/products/video/3-800x900.jpg]
[portotheme.com/html/wolmart/assets/images/products/video/4-800x900.jpg]
[portotheme.com/html/wolmart/assets/vendor/threesixty-degree/threesixty.min.js]
[portotheme.com/html/wolmart/product-video.html]
[portotheme.com/html/wolmart/assets/images/products/vertical_thumb/1-800x900.jpg]
[portotheme.com/html/wolmart/assets/images/products/vertical_thumb/2-800x900.jpg]
[portotheme.com/html/wolmart/assets/images/products/vertical_thumb/3-800x900.jpg]
[portotheme.com/html/wolmart/assets/images/products/vertical_thumb/4-800x900.jpg]
[portotheme.com/html/wolmart/product-vertical.html]
[portotheme.com/html/wolmart/assets/images/products/grid/1-800x900.jpg]
[portotheme.com/html/wolmart/assets/images/products/grid/2-800x900.jpg]
[portotheme.com/html/wolmart/assets/images/products/grid/3-800x900.jpg]
[portotheme.com/html/wolmart/assets/images/products/grid/4-800x900.jpg]
[portotheme.com/html/wolmart/product-grid.html]
[portotheme.com/html/wolmart/assets/images/products/masonry/1-800x900.jpg]
[portotheme.com/html/wolmart/assets/images/products/masonry/2-800x900.jpg]
[portotheme.com/html/wolmart/assets/images/products/masonry/3-800x900.jpg]
[portotheme.com/html/wolmart/assets/images/products/masonry/4-800x900.jpg]
[portotheme.com/html/wolmart/assets/images/products/masonry/5-800x900.jpg]
[portotheme.com/html/wolmart/assets/images/products/masonry/6-800x900.jpg]
[portotheme.com/html/wolmart/assets/images/products/masonry/7-800x900.jpg]
[portotheme.com/html/wolmart/product-masonry.html]
[portotheme.com/html/wolmart/assets/images/products/gallery/1-800x900.jpg]
[portotheme.com/html/wolmart/assets/images/products/gallery/2-800x900.jpg]
[portotheme.com/html/wolmart/assets/images/products/gallery/3-800x900.jpg]
[portotheme.com/html/wolmart/assets/images/products/gallery/4-800x900.jpg]
[portotheme.com/html/wolmart/product-gallery.html]
[portotheme.com/html/wolmart/assets/images/products/sticky/1-800x900.jpg]
[portotheme.com/html/wolmart/assets/images/products/sticky/2-800x900.jpg]
[portotheme.com/html/wolmart/assets/images/products/sticky/3-800x900.jpg]
[portotheme.com/html/wolmart/assets/images/products/sticky/4-800x900.jpg]
[portotheme.com/html/wolmart/product-sticky-info.html]
[portotheme.com/html/wolmart/assets/images/products/sticky/5-800x900.jpg]
[portotheme.com/html/wolmart/assets/images/products/sticky/6-800x900.jpg]
[portotheme.com/html/wolmart/assets/images/products/sticky/7-800x900.jpg]
[portotheme.com/html/wolmart/assets/images/products/sticky/8-800x900.jpg]
[portotheme.com/html/wolmart/product-sticky-thumb.html]
[portotheme.com/html/wolmart/assets/images/products/sticky/9-800x900.jpg]
[portotheme.com/html/wolmart/assets/images/products/sticky/10-800x900.jpg]
[portotheme.com/html/wolmart/assets/images/products/sticky/11-800x900.jpg]
[portotheme.com/html/wolmart/assets/images/products/sticky/12-800x900.jpg]
[portotheme.com/html/wolmart/assets/images/products/brand/brand-3.jpg]
[portotheme.com/html/wolmart/product-sticky-both.html]
[portotheme.com/html/wolmart/assets/images/vendor/dokan/1.jpg]
[portotheme.com/html/wolmart/assets/images/vendor/brand/1.jpg]
[portotheme.com/html/wolmart/vendor-dokan-store.html]
[portotheme.com/html/wolmart/vendor-dokan-store-grid.html]
[portotheme.com/html/wolmart/assets/images/vendor/dokan/2.jpg]
[portotheme.com/html/wolmart/assets/images/vendor/brand/2.jpg]
[portotheme.com/html/wolmart/assets/images/vendor/dokan/3.jpg]
[portotheme.com/html/wolmart/assets/images/vendor/brand/3.jpg]
[portotheme.com/html/wolmart/assets/images/vendor/dokan/4.jpg]
[portotheme.com/html/wolmart/assets/images/vendor/brand/4.jpg]
[portotheme.com/html/wolmart/assets/images/vendor/dokan/5.jpg]
[portotheme.com/html/wolmart/assets/images/vendor/brand/5.jpg]
[portotheme.com/html/wolmart/assets/images/vendor/dokan/6.jpg]
[portotheme.com/html/wolmart/assets/images/vendor/brand/6.jpg]
[portotheme.com/html/wolmart/vendor-dokan-store-list.html]
[portotheme.com/html/wolmart/vendor-wcfm-store-list.html]
[portotheme.com/html/wolmart/assets/vendor/jquery.gmap/jquery.gmap.min.js]
[portotheme.com/html/wolmart/assets/images/vendor/wcmp/1.jpg]
[portotheme.com/html/wolmart/assets/images/vendor/wcmp/2.jpg]
[portotheme.com/html/wolmart/assets/images/vendor/wcmp/3.jpg]
[portotheme.com/html/wolmart/assets/images/vendor/wcmp/4.jpg]
[portotheme.com/html/wolmart/assets/images/vendor/wcmp/5.jpg]
[portotheme.com/html/wolmart/assets/images/vendor/wcmp/6.jpg]
[portotheme.com/html/wolmart/vendor-wcmp-store-list.html]
[portotheme.com/html/wolmart/assets/images/vendor/brand/1-150x150.jpg]
[portotheme.com/html/wolmart/assets/images/vendor/brand/2-150x150.jpg]
[portotheme.com/html/wolmart/assets/images/vendor/brand/3-150x150.jpg]
[portotheme.com/html/wolmart/assets/images/vendor/brand/4-150x150.jpg]
[portotheme.com/html/wolmart/assets/images/vendor/brand/5-150x150.jpg]
[portotheme.com/html/wolmart/assets/images/vendor/brand/6-150x150.jpg]
[portotheme.com/html/wolmart/vendor-wc-store-list.html]
[portotheme.com/html/wolmart/assets/images/vendor/wcfm/1.jpg]
[portotheme.com/html/wolmart/assets/images/vendor/brand/2-100x100.png]
[portotheme.com/html/wolmart/vendor-wcfm-store-product-list.html]
[portotheme.com/html/wolmart/assets/images/vendor/wcfm/avatar.png]
[portotheme.com/html/wolmart/vendor-wcfm-store-product-grid.html]
[portotheme.com/html/wolmart/assets/images/vendor/wcmp/7.jpg]
[portotheme.com/html/wolmart/assets/images/vendor/brand/1-100x100.png]
[portotheme.com/html/wolmart/vendor-wcmp-store-product-list.html]
[portotheme.com/html/wolmart/vendor-wcmp-store-product-grid.html]
[portotheme.com/html/wolmart/vendor-wc-store-product-list.html]
[portotheme.com/html/wolmart/vendor-wc-store-product-grid.html]
[portotheme.com/html/wolmart/blog-listing.html]
[portotheme.com/html/wolmart/assets/images/blog/2cols/1.jpg]
[portotheme.com/html/wolmart/assets/images/blog/2cols/2.jpg]
[portotheme.com/html/wolmart/assets/images/blog/2cols/3.jpg]
[portotheme.com/html/wolmart/assets/images/blog/2cols/4.jpg]
[portotheme.com/html/wolmart/assets/images/blog/2cols/5.jpg]
[portotheme.com/html/wolmart/assets/images/blog/2cols/6.jpg]
[portotheme.com/html/wolmart/blog-grid-3cols.html]
[portotheme.com/html/wolmart/assets/vendor/isotope/isotope.pkgd.min.js]
[portotheme.com/html/wolmart/blog-grid-2cols.html]
[portotheme.com/html/wolmart/assets/images/blog/2cols/7.jpg]
[portotheme.com/html/wolmart/assets/images/blog/2cols/8.jpg]
[portotheme.com/html/wolmart/blog-grid-4cols.html]
[portotheme.com/html/wolmart/blog-grid-sidebar.html]
[portotheme.com/html/wolmart/blog-masonry-3cols.html]
[portotheme.com/html/wolmart/blog-masonry-2cols.html]
[portotheme.com/html/wolmart/blog-masonry-4cols.html]
[portotheme.com/html/wolmart/blog-masonry-sidebar.html]
[portotheme.com/html/wolmart/blog-mask-grid.html]
[portotheme.com/html/wolmart/blog-mask-masonry.html]
[portotheme.com/html/wolmart/assets/images/blog/single/1.jpg]
[portotheme.com/html/wolmart/assets/images/blog/single/1.png]
[portotheme.com/html/wolmart/assets/images/blog/single/2.jpg]
[portotheme.com/html/wolmart/assets/images/blog/single/3.jpg]
[portotheme.com/html/wolmart/assets/images/blog/single/4.jpg]
[portotheme.com/html/wolmart/assets/images/blog/single/5.jpg]
[portotheme.com/html/wolmart/assets/images/blog/single/2.png]
[portotheme.com/html/wolmart/post-single.html]
[portotheme.com/html/wolmart/assets/images/pages/about_us/1.jpg]
[portotheme.com/html/wolmart/assets/images/pages/about_us/2.jpg]
[portotheme.com/html/wolmart/assets/images/pages/about_us/3.jpg]
[portotheme.com/html/wolmart/assets/images/pages/about_us/1.png]
[portotheme.com/html/wolmart/assets/images/pages/about_us/2.png]
[portotheme.com/html/wolmart/assets/images/pages/about_us/3.png]
[portotheme.com/html/wolmart/assets/images/pages/about_us/4.png]
[portotheme.com/html/wolmart/assets/images/pages/about_us/4.jpg]
[portotheme.com/html/wolmart/assets/images/pages/about_us/5.jpg]
[portotheme.com/html/wolmart/assets/images/pages/about_us/6.jpg]
[portotheme.com/html/wolmart/assets/images/pages/about_us/7.jpg]
[portotheme.com/html/wolmart/assets/vendor/jquery.count-to/jquery.count-to.min.js]
[portotheme.com/html/wolmart/about-us.html]
[portotheme.com/html/wolmart/assets/images/pages/become/1.jpg]
[portotheme.com/html/wolmart/assets/images/pages/become/2.jpg]
[portotheme.com/html/wolmart/become-a-vendor.html]
[portotheme.com/html/wolmart/faq.html]
[portotheme.com/html/wolmart/assets/images/pages/404.png]
[portotheme.com/html/wolmart/error-404.html]
[www.portotheme.com/html/wolmart/assets/images/pages/coming/coming-soon.28f.delayed]
[portotheme.com/html/wolmart/assets/images/pages/coming/logo.png]
[portotheme.com/html/wolmart/coming-soon.html]
[portotheme.com/html/wolmart/elements.html]
[portotheme.com/html/wolmart/assets/vendor/codemirror/codemirror.min.css]
[portotheme.com/html/wolmart/element-accordions.html]
[portotheme.com/html/wolmart/assets/vendor/codemirror/codemirror.min.js]
[portotheme.com/html/wolmart/element-alerts.html]
[portotheme.com/html/wolmart/assets/images/blog/1.jpg]
[portotheme.com/html/wolmart/assets/images/blog/2.jpg]
[portotheme.com/html/wolmart/assets/images/blog/3.jpg]
[portotheme.com/html/wolmart/assets/images/blog/4.jpg]
[portotheme.com/html/wolmart/assets/images/blog/5.jpg]
[portotheme.com/html/wolmart/assets/images/blog/6.jpg]
[portotheme.com/html/wolmart/assets/images/blog/7.jpg]
[portotheme.com/html/wolmart/element-blog-posts.html]
[portotheme.com/html/wolmart/element-buttons.html]
[portotheme.com/html/wolmart/assets/images/cta/cta-1.jpg]
[portotheme.com/html/wolmart/element-cta.html]
[portotheme.com/html/wolmart/element-icons.html]
[portotheme.com/html/wolmart/element-icon-boxes.html]
[portotheme.com/html/wolmart/assets/images/instagram/instagram-1.jpg]
[portotheme.com/html/wolmart/assets/images/instagram/instagram-2.jpg]
[portotheme.com/html/wolmart/assets/images/instagram/instagram-3.jpg]
[portotheme.com/html/wolmart/assets/images/instagram/instagram-4.jpg]
[portotheme.com/html/wolmart/assets/images/instagram/instagram-5.jpg]
[portotheme.com/html/wolmart/assets/images/instagram/instagram-6.jpg]
[portotheme.com/html/wolmart/assets/images/instagram/instagram-7.jpg]
[portotheme.com/html/wolmart/assets/images/instagram/instagram-8.jpg]
[portotheme.com/html/wolmart/assets/images/instagram/instagram-9.jpg]
[portotheme.com/html/wolmart/assets/images/instagram/instagram-10.jpg]
[portotheme.com/html/wolmart/assets/images/instagram/instagram-11.jpg]
[portotheme.com/html/wolmart/assets/images/instagram/instagram-12.jpg]
[portotheme.com/html/wolmart/element-instagrams.html]
[portotheme.com/html/wolmart/assets/images/categories/banners/banner-1.jpg]
[portotheme.com/html/wolmart/assets/images/categories/banners/banner-2.jpg]
[portotheme.com/html/wolmart/assets/images/categories/banners/banner-3.jpg]
[portotheme.com/html/wolmart/assets/images/categories/category-1.jpg]
[portotheme.com/html/wolmart/assets/images/categories/category-2.jpg]
[portotheme.com/html/wolmart/assets/images/categories/category-3.jpg]
[portotheme.com/html/wolmart/assets/images/categories/category-10.jpg]
[portotheme.com/html/wolmart/assets/images/categories/category-11.jpg]
[portotheme.com/html/wolmart/assets/images/categories/category-12.jpg]
[portotheme.com/html/wolmart/assets/images/categories/category-13.jpg]
[portotheme.com/html/wolmart/assets/images/categories/category-14.jpg]
[portotheme.com/html/wolmart/assets/images/categories/category-15.jpg]
[portotheme.com/html/wolmart/assets/images/categories/category-16.jpg]
[portotheme.com/html/wolmart/assets/images/categories/category-17.jpg]
[portotheme.com/html/wolmart/assets/images/categories/category-18.jpg]
[portotheme.com/html/wolmart/assets/images/categories/category-19.jpg]
[portotheme.com/html/wolmart/assets/images/categories/banners/banner-4.jpg]
[portotheme.com/html/wolmart/assets/images/categories/banners/banner-5.jpg]
[portotheme.com/html/wolmart/assets/images/categories/banners/banner-7.jpg]
[portotheme.com/html/wolmart/assets/images/categories/banners/banner-6.jpg]
[portotheme.com/html/wolmart/element-categories.html]
[portotheme.com/html/wolmart/assets/images/products/elements/va-4-1.jpg]
[portotheme.com/html/wolmart/assets/images/products/elements/4-2.jpg]
[portotheme.com/html/wolmart/assets/images/products/elements/va-4-2.jpg]
[portotheme.com/html/wolmart/element-products.html]
[portotheme.com/html/wolmart/element-tabs.html]
[portotheme.com/html/wolmart/assets/images/banner.jpg]
[portotheme.com/html/wolmart/element-testimonials.html]
[portotheme.com/html/wolmart/element-titles.html]
[portotheme.com/html/wolmart/element-typography.html]
[portotheme.com/html/wolmart/assets/images/vendor/element/product/1.jpg]
[portotheme.com/html/wolmart/assets/images/vendor/element/product/2.jpg]
[portotheme.com/html/wolmart/assets/images/vendor/element/product/3.jpg]
[portotheme.com/html/wolmart/assets/images/vendor/element/product/4.jpg]
[portotheme.com/html/wolmart/assets/images/vendor/element/product/5.jpg]
[portotheme.com/html/wolmart/assets/images/vendor/element/product/6.jpg]
[portotheme.com/html/wolmart/assets/images/vendor/element/product/7.jpg]
[portotheme.com/html/wolmart/assets/images/vendor/element/product/8.jpg]
[portotheme.com/html/wolmart/assets/images/vendor/element/product/9.jpg]
[portotheme.com/html/wolmart/assets/images/vendor/element/product/10.jpg]
[portotheme.com/html/wolmart/assets/images/vendor/element/product/11.jpg]
[portotheme.com/html/wolmart/assets/images/vendor/element/product/12.jpg]
[portotheme.com/html/wolmart/assets/images/vendor/element/banner/1.jpg]
[portotheme.com/html/wolmart/assets/images/vendor/element/banner/2.jpg]
[portotheme.com/html/wolmart/assets/images/vendor/element/banner/3.jpg]
[portotheme.com/html/wolmart/assets/images/vendor/element/banner/4.jpg]
[portotheme.com/html/wolmart/element-vendors.html]
[portotheme.com/html/wolmart/login.html]
[portotheme.com/html/wolmart/assets/vendor/fontawesome-free/webfonts/fa-brands-400.svg]
[portotheme.com/html/wolmart/assets/vendor/fontawesome-free/webfonts/fa-regular-400.svg]
[portotheme.com/html/wolmart/assets/vendor/fontawesome-free/webfonts/fa-solid-900.svg]
[portotheme.com/html/wolmart/assets/fonts/wolmart87d5.svg]
[portotheme.com/html/wolmart/assets/images/vendor/wcfm/write.jpg]
[portotheme.com/html/wolmart/assets/css/style.min.css]
[portotheme.com/html/wolmart/assets/css/demo1.min.css]
[portotheme.com/html/wolmart/assets/images/demos/demo1/sliders/slide-1.jpg]
[portotheme.com/html/wolmart/assets/images/demos/demo1/sliders/shoes.png]
[portotheme.com/html/wolmart/assets/images/demos/demo1/sliders/slide-2.jpg]
[portotheme.com/html/wolmart/assets/images/demos/demo1/sliders/men.png]
[portotheme.com/html/wolmart/assets/images/demos/demo1/sliders/slide-3.jpg]
[portotheme.com/html/wolmart/assets/images/demos/demo1/sliders/skate.png]
[portotheme.com/html/wolmart/assets/images/demos/demo1/categories/1-1.jpg]
[portotheme.com/html/wolmart/assets/images/demos/demo1/categories/1-2.jpg]
[portotheme.com/html/wolmart/assets/images/demos/demo1/products/1-1-600x675.jpg]
[portotheme.com/html/wolmart/assets/images/demos/demo1/products/1-1-800x900.jpg]
[portotheme.com/html/wolmart/assets/images/demos/demo1/products/1-2-600x675.jpg]
[portotheme.com/html/wolmart/assets/images/demos/demo1/products/1-2-800x900.jpg]
[portotheme.com/html/wolmart/assets/images/demos/demo1/products/1-3-600x675.jpg]
[portotheme.com/html/wolmart/assets/images/demos/demo1/products/1-3-800x900.jpg]
[portotheme.com/html/wolmart/assets/images/demos/demo1/products/1-4-600x675.jpg]
[portotheme.com/html/wolmart/assets/images/demos/demo1/products/1-4-800x900.jpg]
[portotheme.com/html/wolmart/assets/images/demos/demo1/products/2-1-600x675.jpg]
[portotheme.com/html/wolmart/assets/images/demos/demo1/products/2-1-800x900.jpg]
[portotheme.com/html/wolmart/assets/images/demos/demo1/products/2-2-600x675.jpg]
[portotheme.com/html/wolmart/assets/images/demos/demo1/products/2-2-800x900.jpg]
[portotheme.com/html/wolmart/assets/images/demos/demo1/products/2-3-600x675.jpg]
[portotheme.com/html/wolmart/assets/images/demos/demo1/products/2-3-800x900.jpg]
[portotheme.com/html/wolmart/assets/images/demos/demo1/products/2-4-600x675.jpg]
[portotheme.com/html/wolmart/assets/images/demos/demo1/products/2-4-800x900.jpg]
[portotheme.com/html/wolmart/assets/images/demos/demo1/products/2-1.jpg]
[portotheme.com/html/wolmart/assets/images/demos/demo1/products/2-2.jpg]
[portotheme.com/html/wolmart/assets/images/demos/demo1/products/2-3.jpg]
[portotheme.com/html/wolmart/assets/images/demos/demo1/products/2-4.jpg]
[portotheme.com/html/wolmart/assets/images/demos/demo1/products/2-5.jpg]
[portotheme.com/html/wolmart/assets/images/demos/demo1/products/2-6.jpg]
[portotheme.com/html/wolmart/assets/images/demos/demo1/products/2-7.jpg]
[portotheme.com/html/wolmart/assets/images/demos/demo1/products/2-8.jpg]
[portotheme.com/html/wolmart/assets/images/demos/demo1/products/2-9.jpg]
[portotheme.com/html/wolmart/assets/images/demos/demo1/categories/2-1.jpg]
[portotheme.com/html/wolmart/assets/images/demos/demo1/categories/2-2.jpg]
[portotheme.com/html/wolmart/assets/images/demos/demo1/categories/2-3.jpg]
[portotheme.com/html/wolmart/assets/images/demos/demo1/categories/2-4.jpg]
[portotheme.com/html/wolmart/assets/images/demos/demo1/categories/2-5.jpg]
[portotheme.com/html/wolmart/assets/images/demos/demo1/categories/2-6.jpg]
[portotheme.com/html/wolmart/assets/images/demos/demo1/products/3-1-1.jpg]
[portotheme.com/html/wolmart/assets/images/demos/demo1/products/3-1-2.jpg]
[portotheme.com/html/wolmart/assets/images/demos/demo1/products/3-2.jpg]
[portotheme.com/html/wolmart/assets/images/demos/demo1/products/3-3.jpg]
[portotheme.com/html/wolmart/assets/images/demos/demo1/products/3-4-1.jpg]
[portotheme.com/html/wolmart/assets/images/demos/demo1/products/3-4-2.jpg]
[portotheme.com/html/wolmart/assets/images/demos/demo1/products/3-5.jpg]
[portotheme.com/html/wolmart/assets/images/demos/demo1/products/3-6-1.jpg]
[portotheme.com/html/wolmart/assets/images/demos/demo1/products/3-6-2.jpg]
[portotheme.com/html/wolmart/assets/images/demos/demo1/products/3-7.jpg]
[portotheme.com/html/wolmart/assets/images/demos/demo1/products/3-8-1.jpg]
[portotheme.com/html/wolmart/assets/images/demos/demo1/products/3-8-2.jpg]
[portotheme.com/html/wolmart/assets/images/demos/demo1/products/3-9.jpg]
[portotheme.com/html/wolmart/assets/images/demos/demo1/products/3-10.jpg]
[portotheme.com/html/wolmart/assets/images/demos/demo1/categories/3-1.jpg]
[portotheme.com/html/wolmart/assets/images/demos/demo1/categories/3-2.jpg]
[portotheme.com/html/wolmart/assets/images/demos/demo1/banners/2.jpg]
[portotheme.com/html/wolmart/assets/images/demos/demo1/products/4-1.jpg]
[portotheme.com/html/wolmart/assets/images/demos/demo1/products/4-5-1.jpg]
[portotheme.com/html/wolmart/assets/images/demos/demo1/products/4-5-2.jpg]
[portotheme.com/html/wolmart/assets/images/demos/demo1/products/4-2-1.jpg]
[portotheme.com/html/wolmart/assets/images/demos/demo1/products/4-2-2.jpg]
[portotheme.com/html/wolmart/assets/images/demos/demo1/products/4-6.jpg]
[portotheme.com/html/wolmart/assets/images/demos/demo1/products/4-3.jpg]
[portotheme.com/html/wolmart/assets/images/demos/demo1/products/4-7.jpg]
[portotheme.com/html/wolmart/assets/images/demos/demo1/products/4-4-1.jpg]
[portotheme.com/html/wolmart/assets/images/demos/demo1/products/4-4-2.jpg]
[portotheme.com/html/wolmart/assets/images/demos/demo1/products/4-8.jpg]
[portotheme.com/html/wolmart/assets/images/demos/demo1/banners/3.jpg]
[portotheme.com/html/wolmart/assets/images/demos/demo1/products/5-1-1.jpg]
[portotheme.com/html/wolmart/assets/images/demos/demo1/products/5-1-2.jpg]
[portotheme.com/html/wolmart/assets/images/demos/demo1/products/5-5.jpg]
[portotheme.com/html/wolmart/assets/images/demos/demo1/products/5-2-1.jpg]
[portotheme.com/html/wolmart/assets/images/demos/demo1/products/5-2-2.jpg]
[portotheme.com/html/wolmart/assets/images/demos/demo1/products/5-6.jpg]
[portotheme.com/html/wolmart/assets/images/demos/demo1/products/5-3.jpg]
[portotheme.com/html/wolmart/assets/images/demos/demo1/products/5-7.jpg]
[portotheme.com/html/wolmart/assets/images/demos/demo1/products/5-4.jpg]
[portotheme.com/html/wolmart/assets/images/demos/demo1/products/5-8.jpg]
[portotheme.com/html/wolmart/assets/images/demos/demo1/banners/4.jpg]
[portotheme.com/html/wolmart/assets/images/demos/demo1/banners/5.jpg]
[portotheme.com/html/wolmart/assets/images/demos/demo1/products/6-1.jpg]
[portotheme.com/html/wolmart/assets/images/demos/demo1/products/6-5.jpg]
[portotheme.com/html/wolmart/assets/images/demos/demo1/products/6-2-1.jpg]
[portotheme.com/html/wolmart/assets/images/demos/demo1/products/6-2-2.jpg]
[portotheme.com/html/wolmart/assets/images/demos/demo1/products/6-6.jpg]
[portotheme.com/html/wolmart/assets/images/demos/demo1/products/6-3-1.jpg]
[portotheme.com/html/wolmart/assets/images/demos/demo1/products/6-3-2.jpg]
[portotheme.com/html/wolmart/assets/images/demos/demo1/products/6-7.jpg]
[portotheme.com/html/wolmart/assets/images/demos/demo1/products/6-4.jpg]
[portotheme.com/html/wolmart/assets/images/demos/demo1/products/6-8-1.jpg]
[portotheme.com/html/wolmart/assets/images/demos/demo1/products/6-8-2.jpg]
[portotheme.com/html/wolmart/assets/images/demos/demo1/brands/1.png]
[portotheme.com/html/wolmart/assets/images/demos/demo1/brands/2.png]
[portotheme.com/html/wolmart/assets/images/demos/demo1/brands/3.png]
[portotheme.com/html/wolmart/assets/images/demos/demo1/brands/4.png]
[portotheme.com/html/wolmart/assets/images/demos/demo1/brands/5.png]
[portotheme.com/html/wolmart/assets/images/demos/demo1/brands/6.png]
[portotheme.com/html/wolmart/assets/images/demos/demo1/brands/7.png]
[portotheme.com/html/wolmart/assets/images/demos/demo1/brands/8.png]
[portotheme.com/html/wolmart/assets/images/demos/demo1/brands/9.png]
[portotheme.com/html/wolmart/assets/images/demos/demo1/brands/10.png]
[portotheme.com/html/wolmart/assets/images/demos/demo1/brands/11.png]
[portotheme.com/html/wolmart/assets/images/demos/demo1/brands/12.png]
[portotheme.com/html/wolmart/assets/images/demos/demo1/blogs/1.jpg]
[portotheme.com/html/wolmart/assets/images/demos/demo1/blogs/2.jpg]
[portotheme.com/html/wolmart/assets/images/demos/demo1/blogs/3.jpg]
[portotheme.com/html/wolmart/assets/images/demos/demo1/blogs/4.jpg]
[portotheme.com/html/wolmart/assets/images/demos/demo1/products/7-1.jpg]
[portotheme.com/html/wolmart/assets/images/demos/demo1/products/7-2.jpg]
[portotheme.com/html/wolmart/assets/images/demos/demo1/products/7-3.jpg]
[portotheme.com/html/wolmart/assets/images/demos/demo1/products/7-4.jpg]
[portotheme.com/html/wolmart/assets/images/demos/demo1/products/7-5.jpg]
[portotheme.com/html/wolmart/assets/images/demos/demo1/products/7-6.jpg]
[portotheme.com/html/wolmart/assets/images/demos/demo1/products/7-7.jpg]
[portotheme.com/html/wolmart/assets/images/demos/demo1/products/7-8.jpg]
[portotheme.com/html/wolmart/assets/vendor/skrollr/skrollr.min.js]
[portotheme.com/html/wolmart/demo1.html]
[portotheme.com/html/wolmart/assets/vendor/photoswipe/default-skin/default-skin.png]
[portotheme.com/html/wolmart/assets/vendor/photoswipe/photoswipe.min.css]
[portotheme.com/html/wolmart/assets/vendor/photoswipe/default-skin/default-skin.svg]
[portotheme.com/html/wolmart/assets/vendor/photoswipe/default-skin/preloader.gif]
[portotheme.com/html/wolmart/assets/vendor/photoswipe/default-skin/default-skin.min.css]
[portotheme.com/html/wolmart/order.html]
[portotheme.com/html/wolmart/assets/vendor/nouislider/nouislider.min.css]
[portotheme.com/html/wolmart/assets/vendor/threesixty-degree/360-degree-riewer.min.css]
[portotheme.com/html/wolmart/vendor-dokan-store-grid.html]
[portotheme.com/html/wolmart/vendor-wcfm-store-product-list.html]
[portotheme.com/html/wolmart/vendor-wcmp-store-product-list.html]
[portotheme.com/html/wolmart/vendor-wc-store-product-list.html]
[www.portotheme.com/html/wolmart/assets/images/pages/coming/coming-soon.html]
[portotheme.com/html/wolmart/assets/vendor/codemirror/codemirror.min.css]
[portotheme.com/html/wolmart/assets/css/demo1.min.css]
[portotheme.com/html/wolmart/assets/vendor/photoswipe/default-skin/default-skin.svg]
[portotheme.com/html/wolmart/order-view.html]
[portotheme.com/html/wolmart/order-view.html]
